// Jest Snapshot v1, https://goo.gl/fbAQLP

exports[`gOEnrichmentScoreCell should render as default snapshot 1`] = `
<DocumentFragment>
  <div
    class="sc-dAlyuH pRzWs"
  >
    <span
      aria-valuemax="100"
      aria-valuemin="0"
      aria-valuenow="0"
      class="MuiLinearProgress-root-itixFm fxDOlW MuiLinearProgress-root MuiLinearProgress-colorSecondary MuiLinearProgress-determinate sc-cwHptR fZGVmx"
      role="progressbar"
    >
      <span
        class="MuiLinearProgress-bar1-elNDRI kvyiro MuiLinearProgress-bar MuiLinearProgress-barColorSecondary MuiLinearProgress-bar1Determinate"
        style="transform: translateX(-100%);"
      />
    </span>
    <span
      class="sc-jlZhew dExeRR"
    >
      12.00
    </span>
  </div>
</DocumentFragment>
`;
