// Jest Snapshot v1, https://goo.gl/fbAQLP

exports[`gOEnrichmentMatchedCell should render as default snapshot 1`] = `
<DocumentFragment>
  <div
    class="sc-bcXHqe dgCstG"
  >
    <button
      class="MuiButtonBase-root MuiButton-root MuiButton-text MuiButton-textSecondary MuiButton-sizeMedium MuiButton-textSizeMedium MuiButton-fullWidth MuiButton-root MuiButton-text MuiButton-textSecondary MuiButton-sizeMedium MuiButton-textSizeMedium MuiButton-fullWidth sc-gswNZR eglnfR css-t89ene-MuiButtonBase-root-MuiButton-root"
      tabindex="0"
      type="button"
    >
      12/250
      <span
        class="MuiTouchRipple-root css-8je8zh-MuiTouchRipple-root"
      />
    </button>
  </div>
</DocumentFragment>
`;
