// Jest Snapshot v1, https://goo.gl/fbAQLP

exports[`geneInformation should render as default snapshot 1`] = `
<DocumentFragment>
  <div
    class="sc-bcXHqe jNOcwz"
  >
    <div
      class="sc-gswNZR fJgLXn"
    >
      <h3
        class="sc-dkrFOg jxeFeE"
      >
        Gene information
      </h3>
      <button
        class="MuiButtonBase-root MuiButton-root MuiButton-contained MuiButton-containedSecondary MuiButton-sizeSmall MuiButton-containedSizeSmall MuiButton-root MuiButton-contained MuiButton-containedSecondary MuiButton-sizeSmall MuiButton-containedSizeSmall css-bl1inz-MuiButtonBase-root-MuiButton-root"
        tabindex="0"
        type="button"
      >
        Highlight
        <span
          class="MuiTouchRipple-root css-8je8zh-MuiTouchRipple-root"
        />
      </button>
    </div>
    <p>
      TestGene0
    </p>
    <div>
      <div
        class="sc-hLBbgP jSEqQq"
      >
        Gene ID:
      </div>
      <div
        class="sc-eDvSVe mGJtp"
      >
        0
      </div>
    </div>
    <div>
      <div
        class="sc-hLBbgP jSEqQq"
      >
        Alternatives:
      </div>
      <div
        class="sc-eDvSVe mGJtp"
      >
        TestGene0_alias1, TestGene0_alias2
      </div>
    </div>
    <div>
      <div
        class="sc-hLBbgP jSEqQq"
      >
        Database link:
      </div>
      <div
        class="sc-eDvSVe mGJtp"
      >
        <a
          href="http://dictybase.org/id/0"
          rel="noopener noreferrer"
          target="_blank"
        >
          Open in dictyBase
          <img
            alt="Open in dictyBase."
            class="sc-jSUZER jYafAW"
            src="dictybase_logo2.jpg"
          />
        </a>
      </div>
    </div>
    <div>
      <div
        class="sc-hLBbgP jSEqQq"
      >
        Description:
      </div>
      <div
        class="sc-eDvSVe mGJtp"
      >
        This is a test gene 0
      </div>
    </div>
  </div>
</DocumentFragment>
`;
